Archive member included to satisfy reference by file (symbol)

C:/nxp/S32DS.3.4/S32DS/build_tools/gcc_b1620/gcc-6.3-arm32-eabi/arm-none-eabi/newlib/lib/thumb/v7e-m/fpv4-sp/hard\libc_nano.a(lib_a-exit.o)
                              C:/nxp/S32DS.3.4/S32DS/build_tools/gcc_b1620/gcc-6.3-arm32-eabi/arm-none-eabi/newlib/lib/thumb/v7e-m/fpv4-sp/hard/crt0.o (exit)
C:/nxp/S32DS.3.4/S32DS/build_tools/gcc_b1620/gcc-6.3-arm32-eabi/arm-none-eabi/newlib/lib/thumb/v7e-m/fpv4-sp/hard\libc_nano.a(lib_a-impure.o)
                              C:/nxp/S32DS.3.4/S32DS/build_tools/gcc_b1620/gcc-6.3-arm32-eabi/arm-none-eabi/newlib/lib/thumb/v7e-m/fpv4-sp/hard\libc_nano.a(lib_a-exit.o) (_global_impure_ptr)
C:/nxp/S32DS.3.4/S32DS/build_tools/gcc_b1620/gcc-6.3-arm32-eabi/arm-none-eabi/newlib/lib/thumb/v7e-m/fpv4-sp/hard\libc_nano.a(lib_a-init.o)
                              C:/nxp/S32DS.3.4/S32DS/build_tools/gcc_b1620/gcc-6.3-arm32-eabi/arm-none-eabi/newlib/lib/thumb/v7e-m/fpv4-sp/hard/crt0.o (__libc_init_array)
C:/nxp/S32DS.3.4/S32DS/build_tools/gcc_b1620/gcc-6.3-arm32-eabi/arm-none-eabi/newlib/lib/thumb/v7e-m/fpv4-sp/hard\libc_nano.a(lib_a-memset.o)
                              C:/nxp/S32DS.3.4/S32DS/build_tools/gcc_b1620/gcc-6.3-arm32-eabi/arm-none-eabi/newlib/lib/thumb/v7e-m/fpv4-sp/hard/crt0.o (memset)
C:/nxp/S32DS.3.4/S32DS/build_tools/gcc_b1620/gcc-6.3-arm32-eabi/arm-none-eabi/newlib/lib/thumb/v7e-m/fpv4-sp/hard\libnosys.a(_exit.o)
                              C:/nxp/S32DS.3.4/S32DS/build_tools/gcc_b1620/gcc-6.3-arm32-eabi/arm-none-eabi/newlib/lib/thumb/v7e-m/fpv4-sp/hard\libc_nano.a(lib_a-exit.o) (_exit)

Allocating common symbols
Common symbol       size              file

pcm_pRecVarAddr     0x20              ./FreeMaster_S32K144/src_common/freemaster_rec.o
pcm_wRecBuffStartIx
                    0x2               ./FreeMaster_S32K144/src_common/freemaster_rec.o
g_xtal0ClkFreq      0x4               ./SDK/platform/drivers/src/clock/S32K1xx/clock_S32K1xx.o
dmaControllerChn0_State
                    0x10              ./board/peripherals_edma_config_1.o
System_Status       0x1               ./src/main.o
pcm_dwRecEndBuffPtr
                    0x4               ./FreeMaster_S32K144/src_common/freemaster_rec.o
pcm_pRecVarSize     0x8               ./FreeMaster_S32K144/src_common/freemaster_rec.o
pcm_wRecTotalSmps   0x2               ./FreeMaster_S32K144/src_common/freemaster_rec.o
pcm_nRecVarCount    0x1               ./FreeMaster_S32K144/src_common/freemaster_rec.o
result1             0x4               ./src/main.o
result2             0x4               ./src/main.o
pcm_wRecTimeDivCtr  0x2               ./FreeMaster_S32K144/src_common/freemaster_rec.o
pcm_wStoprecCountDown
                    0x2               ./FreeMaster_S32K144/src_common/freemaster_rec.o
g_RtcClkInFreq      0x4               ./SDK/platform/drivers/src/clock/S32K1xx/clock_S32K1xx.o
lpUartState1        0x34              ./board/peripherals_lpuart_1.o
pcm_nRecTriggerMode
                    0x1               ./FreeMaster_S32K144/src_common/freemaster_rec.o
pcm_wRecFlags       0x4               ./FreeMaster_S32K144/src_common/freemaster_rec.o
g_TClkFreq          0xc               ./SDK/platform/drivers/src/clock/S32K1xx/clock_S32K1xx.o
pcm_wRecTimeDiv     0x2               ./FreeMaster_S32K144/src_common/freemaster_rec.o
dmaController_State
                    0x40              ./board/peripherals_edma_config_1.o
load                0x1               ./src/main.o
pcm_wRecPostTrigger
                    0x2               ./FreeMaster_S32K144/src_common/freemaster_rec.o
pcm_dwRecWritePtr   0x4               ./FreeMaster_S32K144/src_common/freemaster_rec.o

Discarded input sections

 .text          0x00000000        0x0 c:/nxp/s32ds.3.4/s32ds/build_tools/gcc_v6.3/gcc-6.3-arm32-eabi/bin/../lib/gcc/arm-none-eabi/6.3.1/thumb/v7e-m/fpv4-sp/hard/crti.o
 .data          0x00000000        0x0 c:/nxp/s32ds.3.4/s32ds/build_tools/gcc_v6.3/gcc-6.3-arm32-eabi/bin/../lib/gcc/arm-none-eabi/6.3.1/thumb/v7e-m/fpv4-sp/hard/crti.o
 .bss           0x00000000        0x0 c:/nxp/s32ds.3.4/s32ds/build_tools/gcc_v6.3/gcc-6.3-arm32-eabi/bin/../lib/gcc/arm-none-eabi/6.3.1/thumb/v7e-m/fpv4-sp/hard/crti.o
 .text          0x00000000       0xa4 c:/nxp/s32ds.3.4/s32ds/build_tools/gcc_v6.3/gcc-6.3-arm32-eabi/bin/../lib/gcc/arm-none-eabi/6.3.1/thumb/v7e-m/fpv4-sp/hard/crtbegin.o
 .data          0x00000000        0x4 c:/nxp/s32ds.3.4/s32ds/build_tools/gcc_v6.3/gcc-6.3-arm32-eabi/bin/../lib/gcc/arm-none-eabi/6.3.1/thumb/v7e-m/fpv4-sp/hard/crtbegin.o
 .bss           0x00000000       0x1c c:/nxp/s32ds.3.4/s32ds/build_tools/gcc_v6.3/gcc-6.3-arm32-eabi/bin/../lib/gcc/arm-none-eabi/6.3.1/thumb/v7e-m/fpv4-sp/hard/crtbegin.o
 .init_array    0x00000000        0x4 c:/nxp/s32ds.3.4/s32ds/build_tools/gcc_v6.3/gcc-6.3-arm32-eabi/bin/../lib/gcc/arm-none-eabi/6.3.1/thumb/v7e-m/fpv4-sp/hard/crtbegin.o
[...]
Memory Configuration

Name             Origin             Length             Attributes
m_interrupts     0x00000000         0x00000400         xr
m_flash_config   0x00000400         0x00000010         xr
m_text           0x00000410         0x0007fbf0         xr
m_data           0x1fff8000         0x00008000         rw
m_data_2         0x20000000         0x00007000         rw
*default*        0x00000000         0xffffffff

Linker script and memory map

LOAD c:/nxp/s32ds.3.4/s32ds/build_tools/gcc_v6.3/gcc-6.3-arm32-eabi/bin/../lib/gcc/arm-none-eabi/6.3.1/thumb/v7e-m/fpv4-sp/hard/crti.o
LOAD c:/nxp/s32ds.3.4/s32ds/build_tools/gcc_v6.3/gcc-6.3-arm32-eabi/bin/../lib/gcc/arm-none-eabi/6.3.1/thumb/v7e-m/fpv4-sp/hard/crtbegin.o
LOAD C:/nxp/S32DS.3.4/S32DS/build_tools/gcc_b1620/gcc-6.3-arm32-eabi/arm-none-eabi/newlib/lib/thumb/v7e-m/fpv4-sp/hard/crt0.o
LOAD ./FreeMaster_S32K144/src_common/freemaster_appcmd.o
LOAD ./FreeMaster_S32K144/src_common/freemaster_bdm.o
LOAD ./FreeMaster_S32K144/src_common/freemaster_can.o
LOAD ./FreeMaster_S32K144/src_common/freemaster_lin.o
LOAD ./FreeMaster_S32K144/src_common/freemaster_pipes.o
LOAD ./FreeMaster_S32K144/src_common/freemaster_protocol.o
LOAD ./FreeMaster_S32K144/src_common/freemaster_rec.o
LOAD ./FreeMaster_S32K144/src_common/freemaster_scope.o
LOAD ./FreeMaster_S32K144/src_common/freemaster_serial.o
LOAD ./FreeMaster_S32K144/src_common/freemaster_sfio.o
LOAD ./FreeMaster_S32K144/src_common/freemaster_tsa.o
LOAD ./FreeMaster_S32K144/src_platforms/S32xx/freemaster_S32xx.o
LOAD ./Project_Settings/Startup_Code/startup_S32K144.o
LOAD ./SDK/platform/devices/S32K144/startup/system_S32K144.o
LOAD ./SDK/platform/devices/startup.o
LOAD ./SDK/platform/drivers/src/clock/S32K1xx/clock_S32K1xx.o
LOAD ./SDK/platform/drivers/src/edma/edma_driver.o
LOAD ./SDK/platform/drivers/src/edma/edma_hw_access.o
LOAD ./SDK/platform/drivers/src/edma/edma_irq.o
LOAD ./SDK/platform/drivers/src/interrupt/interrupt_manager.o
LOAD ./SDK/platform/drivers/src/lpuart/lpuart_driver.o
LOAD ./SDK/platform/drivers/src/lpuart/lpuart_hw_access.o
LOAD ./SDK/platform/drivers/src/lpuart/lpuart_irq.o
LOAD ./SDK/platform/drivers/src/pins/pins_driver.o
LOAD ./SDK/platform/drivers/src/pins/pins_port_hw_access.o
LOAD ./SDK/rtos/osif/osif_baremetal.o
LOAD ./board/clock_config.o
LOAD ./board/peripherals_edma_config_1.o
LOAD ./board/peripherals_lpuart_1.o
LOAD ./board/peripherals_osif_1.o
LOAD ./board/pin_mux.o
LOAD ./src/main.o
START GROUP
LOAD c:/nxp/s32ds.3.4/s32ds/build_tools/gcc_v6.3/gcc-6.3-arm32-eabi/bin/../lib/gcc/arm-none-eabi/6.3.1/thumb/v7e-m/fpv4-sp/hard\libgcc.a
LOAD C:/nxp/S32DS.3.4/S32DS/build_tools/gcc_b1620/gcc-6.3-arm32-eabi/arm-none-eabi/newlib/lib/thumb/v7e-m/fpv4-sp/hard\libc_nano.a
END GROUP
START GROUP
LOAD c:/nxp/s32ds.3.4/s32ds/build_tools/gcc_v6.3/gcc-6.3-arm32-eabi/bin/../lib/gcc/arm-none-eabi/6.3.1/thumb/v7e-m/fpv4-sp/hard\libgcc.a
LOAD C:/nxp/S32DS.3.4/S32DS/build_tools/gcc_b1620/gcc-6.3-arm32-eabi/arm-none-eabi/newlib/lib/thumb/v7e-m/fpv4-sp/hard\libc_nano.a
LOAD C:/nxp/S32DS.3.4/S32DS/build_tools/gcc_b1620/gcc-6.3-arm32-eabi/arm-none-eabi/newlib/lib/thumb/v7e-m/fpv4-sp/hard\libnosys.a
END GROUP
START GROUP
LOAD c:/nxp/s32ds.3.4/s32ds/build_tools/gcc_v6.3/gcc-6.3-arm32-eabi/bin/../lib/gcc/arm-none-eabi/6.3.1/thumb/v7e-m/fpv4-sp/hard\libgcc.a
LOAD C:/nxp/S32DS.3.4/S32DS/build_tools/gcc_b1620/gcc-6.3-arm32-eabi/arm-none-eabi/newlib/lib/thumb/v7e-m/fpv4-sp/hard\libc_nano.a
LOAD C:/nxp/S32DS.3.4/S32DS/build_tools/gcc_b1620/gcc-6.3-arm32-eabi/arm-none-eabi/newlib/lib/thumb/v7e-m/fpv4-sp/hard\libnosys.a
END GROUP
LOAD c:/nxp/s32ds.3.4/s32ds/build_tools/gcc_v6.3/gcc-6.3-arm32-eabi/bin/../lib/gcc/arm-none-eabi/6.3.1/thumb/v7e-m/fpv4-sp/hard/crtend.o
LOAD c:/nxp/s32ds.3.4/s32ds/build_tools/gcc_v6.3/gcc-6.3-arm32-eabi/bin/../lib/gcc/arm-none-eabi/6.3.1/thumb/v7e-m/fpv4-sp/hard/crtn.o
                0x00000400                HEAP_SIZE = DEFINED (__heap_size__)?__heap_size__:0x400
                0x00000400                STACK_SIZE = DEFINED (__stack_size__)?__stack_size__:0x400
                0x00000400                M_VECTOR_RAM_SIZE = DEFINED (__flash_vector_table__)?0x0:0x400

.interrupts     0x00000000      0x400
                0x00000000                __VECTOR_TABLE = .
                0x00000000                __interrupts_start__ = .
                0x00000000                . = ALIGN (0x4)
 *(.isr_vector)
 .isr_vector    0x00000000      0x400 ./Project_Settings/Startup_Code/startup_S32K144.o
                0x00000000                __isr_vector
                0x00000400                __interrupts_end__ = .
                0x00000400                . = ALIGN (0x4)

.flash_config   0x00000400       0x10
                0x00000400                . = ALIGN (0x4)
 *(.FlashConfig)
 .FlashConfig   0x00000400       0x10 ./Project_Settings/Startup_Code/startup_S32K144.o
                0x00000410                . = ALIGN (0x4)

.text           0x00000410     0x35f0
                0x00000410                . = ALIGN (0x4)
 *(.text)
 .text          0x00000410       0x6c ./Project_Settings/Startup_Code/startup_S32K144.o
                0x00000410                Reset_Handler
                0x00000478                DebugMon_Handler
                0x00000478                Reserved88_IRQHandler
                0x00000478                CAN0_ORed_IRQHandler
                0x00000478                HardFault_Handler
                0x00000478                Reserved86_IRQHandler
                0x00000478                Reserved103_IRQHandler
                0x00000478                FTM2_Ovf_Reload_IRQHandler
                0x00000478                Reserved50_IRQHandler
                0x00000478                FTFC_Fault_IRQHandler
                0x00000478                FTM0_Ch6_Ch7_IRQHandler
                0x00000478                Reserved114_IRQHandler
                0x00000478                PendSV_Handler
                0x00000478                NMI_Handler
                0x00000478                Reserved89_IRQHandler
                0x00000478                ERM_double_fault_IRQHandler
                0x00000478                Reserved59_IRQHandler
                0x00000478                LPIT0_Ch0_IRQHandler
                0x00000478                Reserved99_IRQHandler
                0x00000478                FTM3_Ch6_Ch7_IRQHandler
                0x00000478                CAN2_ORed_0_15_MB_IRQHandler
                0x00000478                LPIT0_Ch3_IRQHandler
                0x00000478                Reserved92_IRQHandler
                0x00000478                FTM0_Ch4_Ch5_IRQHandler
                0x00000478                CAN1_Error_IRQHandler
                0x00000478                FTM3_Ch0_Ch1_IRQHandler
                0x00000478                SWI_IRQHandler
                0x00000478                ADC0_IRQHandler
                0x00000478                FTM2_Ch4_Ch5_IRQHandler
                0x00000478                UsageFault_Handler
                0x00000478                FTM0_Ovf_Reload_IRQHandler
                0x00000478                DefaultISR
                0x00000478                Reserved58_IRQHandler
                0x00000478                CAN1_ORed_0_15_MB_IRQHandler
                0x00000478                FTM1_Ch2_Ch3_IRQHandler
                0x00000478                Reserved82_IRQHandler
                0x00000478                CAN0_ORed_16_31_MB_IRQHandler
                0x00000478                LPI2C0_Slave_IRQHandler
                0x00000478                Reserved71_IRQHandler
                0x00000478                PORTD_IRQHandler
                0x00000478                Reserved69_IRQHandler
                0x00000478                PORTB_IRQHandler
                0x00000478                Reserved70_IRQHandler
                0x00000478                ADC1_IRQHandler
                0x00000478                FTM2_Ch2_Ch3_IRQHandler
                0x00000478                Reserved53_IRQHandler
                0x00000478                RTC_IRQHandler
                0x00000478                PDB0_IRQHandler
                0x00000478                Reserved54_IRQHandler
                0x00000478                FTM2_Ch6_Ch7_IRQHandler
                0x00000478                FTM3_Ch2_Ch3_IRQHandler
                0x00000478                FTM2_Ch0_Ch1_IRQHandler
                0x00000478                LPSPI1_IRQHandler
                0x00000478                LPUART1_RxTx_IRQHandler
                0x00000478                RTC_Seconds_IRQHandler
                0x00000478                CAN2_ORed_IRQHandler
                0x00000478                Reserved72_IRQHandler
                0x00000478                Reserved110_IRQHandler
                0x00000478                Reserved107_IRQHandler
                0x00000478                Read_Collision_IRQHandler
                0x00000478                CAN2_Error_IRQHandler
                0x00000478                FTFC_IRQHandler
                0x00000478                FTM1_Ch6_Ch7_IRQHandler
                0x00000478                Reserved105_IRQHandler
                0x00000478                LPIT0_Ch1_IRQHandler
                0x00000478                FTM1_Ch4_Ch5_IRQHandler
                0x00000478                FTM3_Ovf_Reload_IRQHandler
                0x00000478                LPUART2_RxTx_IRQHandler
                0x00000478                LPSPI0_IRQHandler
                0x00000478                WDOG_EWM_IRQHandler
                0x00000478                MemManage_Handler
                0x00000478                Reserved90_IRQHandler
                0x00000478                Reserved83_IRQHandler
                0x00000478                FTM0_Fault_IRQHandler
                0x00000478                Reserved48_IRQHandler
                0x00000478                SVC_Handler
                0x00000478                ERM_single_fault_IRQHandler
                0x00000478                FTM2_Fault_IRQHandler
                0x00000478                FTM0_Ch2_Ch3_IRQHandler
                0x00000478                FTM0_Ch0_Ch1_IRQHandler
                0x00000478                FTM3_Fault_IRQHandler
                0x00000478                RCM_IRQHandler
                0x00000478                Reserved100_IRQHandler
                0x00000478                Reserved91_IRQHandler
                0x00000478                CAN1_ORed_IRQHandler
                0x00000478                SCG_IRQHandler
                0x00000478                PDB1_IRQHandler
                0x00000478                Reserved81_IRQHandler
                0x00000478                Reserved46_IRQHandler
                0x00000478                Reserved45_IRQHandler
                0x00000478                CAN0_Error_IRQHandler
                0x00000478                Reserved112_IRQHandler
                0x00000478                LPI2C0_Master_IRQHandler
                0x00000478                FTM1_Fault_IRQHandler
                0x00000478                Reserved106_IRQHandler
                0x00000478                LVD_LVW_IRQHandler
                0x00000478                LPIT0_Ch2_IRQHandler
                0x00000478                PORTA_IRQHandler
                0x00000478                MCM_IRQHandler
                0x00000478                LPSPI2_IRQHandler
                0x00000478                FTM3_Ch4_Ch5_IRQHandler
                0x00000478                CAN0_ORed_0_15_MB_IRQHandler
                0x00000478                PORTE_IRQHandler
                0x00000478                LPUART0_RxTx_IRQHandler
                0x00000478                LPTMR0_IRQHandler
                0x00000478                BusFault_Handler
                0x00000478                Reserved87_IRQHandler
                0x00000478                FTM1_Ovf_Reload_IRQHandler
                0x00000478                Reserved93_IRQHandler
                0x00000478                CAN0_Wake_Up_IRQHandler
                0x00000478                CMP0_IRQHandler
                0x00000478                Reserved52_IRQHandler
                0x00000478                PORTC_IRQHandler
                0x00000478                FTM1_Ch0_Ch1_IRQHandler
                0x00000478                FLEXIO_IRQHandler
                0x00000478                Reserved113_IRQHandler
 *(.text*)
 .text.FMSTR_FindAppCmdCallIndex
                0x0000047c       0x38 ./FreeMaster_S32K144/src_common/freemaster_appcmd.o
 .text.FMSTR_InitAppCmds
                0x000004b4       0x34 ./FreeMaster_S32K144/src_common/freemaster_appcmd.o
                0x000004b4                FMSTR_InitAppCmds
 .text.FMSTR_StoreAppCmd
                0x000004e8       0x64 ./FreeMaster_S32K144/src_common/freemaster_appcmd.o
                0x000004e8                FMSTR_StoreAppCmd
 .text.FMSTR_GetAppCmdStatus
                0x0000054c       0x50 ./FreeMaster_S32K144/src_common/freemaster_appcmd.o
                0x0000054c                FMSTR_GetAppCmdStatus
 .text.FMSTR_GetAppCmdRespData
                0x0000059c       0x50 ./FreeMaster_S32K144/src_common/freemaster_appcmd.o
                0x0000059c                FMSTR_GetAppCmdRespData
 .text.FMSTR_PipeGetBytesFree
                0x000005ec       0x20 ./FreeMaster_S32K144/src_common/freemaster_pipes.o
 .text.FMSTR_PipeGetBytesReady
                0x0000060c       0x20 ./FreeMaster_S32K144/src_common/freemaster_pipes.o
 .text.FMSTR_InitPipes
                0x0000062c       0x14 ./FreeMaster_S32K144/src_common/freemaster_pipes.o
                0x0000062c                FMSTR_InitPipes
 .text.FMSTR_PipeFrame
                0x00000640      0x208 ./FreeMaster_S32K144/src_common/freemaster_pipes.o
                0x00000640                FMSTR_PipeFrame
 .text.FMSTR_Init
                0x00000848       0x1e ./FreeMaster_S32K144/src_common/freemaster_protocol.o
                0x00000848                FMSTR_Init
 *fill*         0x00000866        0x2 
 .text.FMSTR_GetBoardInfo
                0x00000868       0x50 ./FreeMaster_S32K144/src_common/freemaster_protocol.o
                0x00000868                FMSTR_GetBoardInfo
 .text.FMSTR_ReadMem
                0x000008b8       0x32 ./FreeMaster_S32K144/src_common/freemaster_protocol.o
                0x000008b8                FMSTR_ReadMem
 .text.FMSTR_ReadVar
                0x000008ea       0x24 ./FreeMaster_S32K144/src_common/freemaster_protocol.o
                0x000008ea                FMSTR_ReadVar
 .text.FMSTR_WriteMem
                0x0000090e       0x26 ./FreeMaster_S32K144/src_common/freemaster_protocol.o
                0x0000090e                FMSTR_WriteMem
 .text.FMSTR_WriteMemMask
                0x00000934       0x26 ./FreeMaster_S32K144/src_common/freemaster_protocol.o
                0x00000934                FMSTR_WriteMemMask
 .text.FMSTR_ProtocolDecoder
                0x0000095a      0x146 ./FreeMaster_S32K144/src_common/freemaster_protocol.o
                0x0000095a                FMSTR_ProtocolDecoder
 .text.FMSTR_Compare8S
                0x00000aa0       0x20 ./FreeMaster_S32K144/src_common/freemaster_rec.o
 .text.FMSTR_Compare8U
                0x00000ac0       0x1c ./FreeMaster_S32K144/src_common/freemaster_rec.o
 .text.FMSTR_Compare16S
                0x00000adc       0x20 ./FreeMaster_S32K144/src_common/freemaster_rec.o
 .text.FMSTR_Compare16U
                0x00000afc       0x1c ./FreeMaster_S32K144/src_common/freemaster_rec.o
 .text.FMSTR_Compare32S
                0x00000b18       0x1c ./FreeMaster_S32K144/src_common/freemaster_rec.o
 .text.FMSTR_Compare32U
                0x00000b34       0x1c ./FreeMaster_S32K144/src_common/freemaster_rec.o
 .text.FMSTR_InitRec
                0x00000b50       0x1c ./FreeMaster_S32K144/src_common/freemaster_rec.o
                0x00000b50                FMSTR_InitRec
 .text.FMSTR_SetUpRec
                0x00000b6c      0x1a4 ./FreeMaster_S32K144/src_common/freemaster_rec.o
                0x00000b6c                FMSTR_SetUpRec
 .text.FMSTR_TriggerRec
                0x00000d10       0x2c ./FreeMaster_S32K144/src_common/freemaster_rec.o
                0x00000d10                FMSTR_TriggerRec
 .text.FMSTR_StartRec
                0x00000d3c       0x6c ./FreeMaster_S32K144/src_common/freemaster_rec.o
                0x00000d3c                FMSTR_StartRec
 .text.FMSTR_StopRec
                0x00000da8       0x34 ./FreeMaster_S32K144/src_common/freemaster_rec.o
                0x00000da8                FMSTR_StopRec
 .text.FMSTR_GetRecStatus
                0x00000ddc       0x28 ./FreeMaster_S32K144/src_common/freemaster_rec.o
                0x00000ddc                FMSTR_GetRecStatus
 .text.FMSTR_GetRecBuffSize
                0x00000e04        0x6 ./FreeMaster_S32K144/src_common/freemaster_rec.o
                0x00000e04                FMSTR_GetRecBuffSize
 *fill*         0x00000e0a        0x2 
 .text.FMSTR_GetRecBuff
                0x00000e0c       0x58 ./FreeMaster_S32K144/src_common/freemaster_rec.o
                0x00000e0c                FMSTR_GetRecBuff
 .text.FMSTR_InitScope
                0x00000e64        0x2 ./FreeMaster_S32K144/src_common/freemaster_scope.o
                0x00000e64                FMSTR_InitScope
 *fill*         0x00000e66        0x2 
 .text.FMSTR_SetUpScope
                0x00000e68       0x80 ./FreeMaster_S32K144/src_common/freemaster_scope.o
                0x00000e68                FMSTR_SetUpScope
 .text.FMSTR_ReadScope
                0x00000ee8       0x40 ./FreeMaster_S32K144/src_common/freemaster_scope.o
                0x00000ee8                FMSTR_ReadScope
 .text.FMSTR_Listen
                0x00000f28       0x48 ./FreeMaster_S32K144/src_common/freemaster_serial.o
 .text.FMSTR_SendResponse
                0x00000f70       0xa4 ./FreeMaster_S32K144/src_common/freemaster_serial.o
                0x00000f70                FMSTR_SendResponse
 .text.FMSTR_Tx
                0x00001014       0x58 ./FreeMaster_S32K144/src_common/freemaster_serial.o
                0x00001014                FMSTR_Tx
 .text.FMSTR_ProcessSCI
                0x0000106c       0x94 ./FreeMaster_S32K144/src_common/freemaster_serial.o
                0x0000106c                FMSTR_ProcessSCI
 .text.FMSTR_Rx
                0x00001100      0x14c ./FreeMaster_S32K144/src_common/freemaster_serial.o
                0x00001100                FMSTR_Rx
 .text.FMSTR_InitSerial
                0x0000124c       0x34 ./FreeMaster_S32K144/src_common/freemaster_serial.o
                0x0000124c                FMSTR_InitSerial
 .text.FMSTR_Poll
                0x00001280       0x5c ./FreeMaster_S32K144/src_common/freemaster_serial.o
                0x00001280                FMSTR_Poll
 .text.FMSTR_Isr
                0x000012dc        0x8 ./FreeMaster_S32K144/src_platforms/S32xx/freemaster_S32xx.o
                0x000012dc                FMSTR_Isr
 .text.FMSTR_CopyToBuffer
                0x000012e4       0x20 ./FreeMaster_S32K144/src_platforms/S32xx/freemaster_S32xx.o
                0x000012e4                FMSTR_CopyToBuffer
 .text.FMSTR_CopyFromBuffer
                0x00001304       0x26 ./FreeMaster_S32K144/src_platforms/S32xx/freemaster_S32xx.o
                0x00001304                FMSTR_CopyFromBuffer
 .text.FMSTR_ValueFromBuffer16
                0x0000132a        0xa ./FreeMaster_S32K144/src_platforms/S32xx/freemaster_S32xx.o
                0x0000132a                FMSTR_ValueFromBuffer16
 .text.FMSTR_ValueFromBuffer32
                0x00001334        0xa ./FreeMaster_S32K144/src_platforms/S32xx/freemaster_S32xx.o
                0x00001334                FMSTR_ValueFromBuffer32
 .text.FMSTR_ValueToBuffer16
                0x0000133e       0x18 ./FreeMaster_S32K144/src_platforms/S32xx/freemaster_S32xx.o
                0x0000133e                FMSTR_ValueToBuffer16
 .text.FMSTR_CopyFromBufferWithMask
                0x00001356       0x2c ./FreeMaster_S32K144/src_platforms/S32xx/freemaster_S32xx.o
                0x00001356                FMSTR_CopyFromBufferWithMask
 *fill*         0x00001382        0x2 
 .text.FMSTR_SetExAddr
                0x00001384        0xc ./FreeMaster_S32K144/src_platforms/S32xx/freemaster_S32xx.o
                0x00001384                FMSTR_SetExAddr
 .text.FMSTR_AddressToBuffer
                0x00001390       0x2c ./FreeMaster_S32K144/src_platforms/S32xx/freemaster_S32xx.o
                0x00001390                FMSTR_AddressToBuffer
 .text.FMSTR_AddressFromBuffer
                0x000013bc       0x1c ./FreeMaster_S32K144/src_platforms/S32xx/freemaster_S32xx.o
                0x000013bc                FMSTR_AddressFromBuffer
 .text.SystemInit
                0x000013d8       0x3c ./SDK/platform/devices/S32K144/startup/system_S32K144.o
                0x000013d8                SystemInit
 .text.init_data_bss
                0x00001414       0xd8 ./SDK/platform/devices/startup.o
                0x00001414                init_data_bss
 .text.CLOCK_SYS_GetCurrentRunMode
                0x000014ec       0x24 ./SDK/platform/drivers/src/clock/S32K1xx/clock_S32K1xx.o
 .text.CLOCK_SYS_GetSysOscFreq
                0x00001510       0x1c ./SDK/platform/drivers/src/clock/S32K1xx/clock_S32K1xx.o
 .text.CLOCK_SYS_ConfigureSOSC
                0x0000152c      0x12c ./SDK/platform/drivers/src/clock/S32K1xx/clock_S32K1xx.o
 .text.CLOCK_SYS_GetSircFreq
                0x00001658       0x2c ./SDK/platform/drivers/src/clock/S32K1xx/clock_S32K1xx.o
 .text.CLOCK_SYS_ConfigureSIRC
                0x00001684       0xc4 ./SDK/platform/drivers/src/clock/S32K1xx/clock_S32K1xx.o
 .text.CLOCK_SYS_GetFircFreq
                0x00001748       0x20 ./SDK/platform/drivers/src/clock/S32K1xx/clock_S32K1xx.o
 .text.CLOCK_SYS_ConfigureFIRC
                0x00001768       0xb4 ./SDK/platform/drivers/src/clock/S32K1xx/clock_S32K1xx.o
 .text.CLOCK_SYS_GetSysPllFreq
                0x0000181c       0x44 ./SDK/platform/drivers/src/clock/S32K1xx/clock_S32K1xx.o
 .text.CLOCK_SYS_ConfigureSPLL
                0x00001860      0x12c ./SDK/platform/drivers/src/clock/S32K1xx/clock_S32K1xx.o
 .text.CLOCK_SYS_SetSystemClockConfig
                0x0000198c      0x204 ./SDK/platform/drivers/src/clock/S32K1xx/clock_S32K1xx.o
 .text.CLOCK_SYS_TransitionSystemClock
                0x00001b90       0x54 ./SDK/platform/drivers/src/clock/S32K1xx/clock_S32K1xx.o
 .text.CLOCK_SYS_GetSystemClockFreq
                0x00001be4       0x80 ./SDK/platform/drivers/src/clock/S32K1xx/clock_S32K1xx.o
 .text.CLOCK_SYS_GetScgClkOutFreq
                0x00001c64       0x44 ./SDK/platform/drivers/src/clock/S32K1xx/clock_S32K1xx.o
 .text.CLOCK_SYS_GetSysAsyncFreq
                0x00001ca8       0xc0 ./SDK/platform/drivers/src/clock/S32K1xx/clock_S32K1xx.o
 .text.CLOCK_SYS_GetSimRtcClkFreq
                0x00001d68       0x50 ./SDK/platform/drivers/src/clock/S32K1xx/clock_S32K1xx.o
 .text.CLOCK_SYS_GetLpoFreq
                0x00001db8       0x54 ./SDK/platform/drivers/src/clock/S32K1xx/clock_S32K1xx.o
 .text.CLOCK_SYS_GetSimClkOutFreq
                0x00001e0c       0x98 ./SDK/platform/drivers/src/clock/S32K1xx/clock_S32K1xx.o
 .text.CLOCK_SYS_GetSimClockFreq
                0x00001ea4      0x1a4 ./SDK/platform/drivers/src/clock/S32K1xx/clock_S32K1xx.o
 .text.CLOCK_SYS_GetPeripheralClock
                0x00002048       0xc8 ./SDK/platform/drivers/src/clock/S32K1xx/clock_S32K1xx.o
 .text.CLOCK_DRV_Init
                0x00002110      0x610 ./SDK/platform/drivers/src/clock/S32K1xx/clock_S32K1xx.o
                0x00002110                CLOCK_DRV_Init
 .text.CLOCK_DRV_GetFreq
                0x00002720      0x1dc ./SDK/platform/drivers/src/clock/S32K1xx/clock_S32K1xx.o
                0x00002720                CLOCK_DRV_GetFreq
 .text.CLOCK_SYS_GetFreq
                0x000028fc        0x8 ./SDK/platform/drivers/src/clock/S32K1xx/clock_S32K1xx.o
                0x000028fc                CLOCK_SYS_GetFreq
 .text.EDMA_DRV_ClearIntStatus
                0x00002904       0x20 ./SDK/platform/drivers/src/edma/edma_driver.o
 .text.EDMA_DRV_IRQHandler
                0x00002924       0x20 ./SDK/platform/drivers/src/edma/edma_driver.o
                0x00002924                EDMA_DRV_IRQHandler
 .text.EDMA_DRV_ErrorIRQHandler
                0x00002944       0x40 ./SDK/platform/drivers/src/edma/edma_driver.o
                0x00002944                EDMA_DRV_ErrorIRQHandler
 .text.EDMA_DRV_StopChannel
                0x00002984       0x38 ./SDK/platform/drivers/src/edma/edma_driver.o
                0x00002984                EDMA_DRV_StopChannel
 .text.EDMA_DRV_GetDmaRegBaseAddr
                0x000029bc       0x10 ./SDK/platform/drivers/src/edma/edma_driver.o
                0x000029bc                EDMA_DRV_GetDmaRegBaseAddr
 .text.EDMA_SetDmaRequestCmd
                0x000029cc        0xa ./SDK/platform/drivers/src/edma/edma_hw_access.o
                0x000029cc                EDMA_SetDmaRequestCmd
 .text.DMA0_IRQHandler
                0x000029d6        0xa ./SDK/platform/drivers/src/edma/edma_irq.o
                0x000029d6                DMA0_IRQHandler
 .text.DMA1_IRQHandler
                0x000029e0        0xa ./SDK/platform/drivers/src/edma/edma_irq.o
                0x000029e0                DMA1_IRQHandler
 .text.DMA2_IRQHandler
                0x000029ea        0xa ./SDK/platform/drivers/src/edma/edma_irq.o
                0x000029ea                DMA2_IRQHandler
 .text.DMA3_IRQHandler
                0x000029f4        0xa ./SDK/platform/drivers/src/edma/edma_irq.o
                0x000029f4                DMA3_IRQHandler
 .text.DMA4_IRQHandler
                0x000029fe        0xa ./SDK/platform/drivers/src/edma/edma_irq.o
                0x000029fe                DMA4_IRQHandler
 .text.DMA5_IRQHandler
                0x00002a08        0xa ./SDK/platform/drivers/src/edma/edma_irq.o
                0x00002a08                DMA5_IRQHandler
 .text.DMA6_IRQHandler
                0x00002a12        0xa ./SDK/platform/drivers/src/edma/edma_irq.o
                0x00002a12                DMA6_IRQHandler
 .text.DMA7_IRQHandler
                0x00002a1c        0xa ./SDK/platform/drivers/src/edma/edma_irq.o
                0x00002a1c                DMA7_IRQHandler
 .text.DMA8_IRQHandler
                0x00002a26        0xa ./SDK/platform/drivers/src/edma/edma_irq.o
                0x00002a26                DMA8_IRQHandler
 .text.DMA9_IRQHandler
                0x00002a30        0xa ./SDK/platform/drivers/src/edma/edma_irq.o
                0x00002a30                DMA9_IRQHandler
 .text.DMA10_IRQHandler
                0x00002a3a        0xa ./SDK/platform/drivers/src/edma/edma_irq.o
                0x00002a3a                DMA10_IRQHandler
 .text.DMA11_IRQHandler
                0x00002a44        0xa ./SDK/platform/drivers/src/edma/edma_irq.o
                0x00002a44                DMA11_IRQHandler
 .text.DMA12_IRQHandler
                0x00002a4e        0xa ./SDK/platform/drivers/src/edma/edma_irq.o
                0x00002a4e                DMA12_IRQHandler
 .text.DMA13_IRQHandler
                0x00002a58        0xa ./SDK/platform/drivers/src/edma/edma_irq.o
                0x00002a58                DMA13_IRQHandler
 .text.DMA14_IRQHandler
                0x00002a62        0xa ./SDK/platform/drivers/src/edma/edma_irq.o
                0x00002a62                DMA14_IRQHandler
 .text.DMA15_IRQHandler
                0x00002a6c        0xa ./SDK/platform/drivers/src/edma/edma_irq.o
                0x00002a6c                DMA15_IRQHandler
 .text.DMA_Error_IRQHandler
                0x00002a76       0x28 ./SDK/platform/drivers/src/edma/edma_irq.o
                0x00002a76                DMA_Error_IRQHandler
 *fill*         0x00002a9e        0x2 
 .text.INT_SYS_InstallHandler
                0x00002aa0       0x60 ./SDK/platform/drivers/src/interrupt/interrupt_manager.o
                0x00002aa0                INT_SYS_InstallHandler
 .text.INT_SYS_EnableIRQ
                0x00002b00       0x28 ./SDK/platform/drivers/src/interrupt/interrupt_manager.o
                0x00002b00                INT_SYS_EnableIRQ
 .text.INT_SYS_EnableIRQGlobal
                0x00002b28       0x1c ./SDK/platform/drivers/src/interrupt/interrupt_manager.o
                0x00002b28                INT_SYS_EnableIRQGlobal
 .text.INT_SYS_DisableIRQGlobal
                0x00002b44       0x10 ./SDK/platform/drivers/src/interrupt/interrupt_manager.o
                0x00002b44                INT_SYS_DisableIRQGlobal
 .text.LPUART_DRV_CompleteSendDataUsingInt
                0x00002b54       0x6c ./SDK/platform/drivers/src/lpuart/lpuart_driver.o
 .text.LPUART_DRV_StopTxDma
                0x00002bc0       0x64 ./SDK/platform/drivers/src/lpuart/lpuart_driver.o
 .text.LPUART_DRV_PutData
                0x00002c24       0x44 ./SDK/platform/drivers/src/lpuart/lpuart_driver.o
 .text.LPUART_DRV_CompleteReceiveDataUsingInt
                0x00002c68       0x68 ./SDK/platform/drivers/src/lpuart/lpuart_driver.o
 .text.LPUART_DRV_StopRxDma
                0x00002cd0       0x64 ./SDK/platform/drivers/src/lpuart/lpuart_driver.o
 .text.LPUART_DRV_GetData
                0x00002d34       0x60 ./SDK/platform/drivers/src/lpuart/lpuart_driver.o
 .text.LPUART_DRV_SetBaudRate
                0x00002d94      0x10c ./SDK/platform/drivers/src/lpuart/lpuart_driver.o
                0x00002d94                LPUART_DRV_SetBaudRate
 .text.LPUART_DRV_Init
                0x00002ea0      0x138 ./SDK/platform/drivers/src/lpuart/lpuart_driver.o
                0x00002ea0                LPUART_DRV_Init
 .text.LPUART_DRV_IRQHandler
                0x00002fd8      0x274 ./SDK/platform/drivers/src/lpuart/lpuart_driver.o
                0x00002fd8                LPUART_DRV_IRQHandler
 .text.LPUART_Init
                0x0000324c       0x24 ./SDK/platform/drivers/src/lpuart/lpuart_hw_access.o
                0x0000324c                LPUART_Init
 .text.LPUART_SetBitCountPerChar
                0x00003270       0x30 ./SDK/platform/drivers/src/lpuart/lpuart_hw_access.o
                0x00003270                LPUART_SetBitCountPerChar
 .text.LPUART_SetParityMode
                0x000032a0       0x1e ./SDK/platform/drivers/src/lpuart/lpuart_hw_access.o
                0x000032a0                LPUART_SetParityMode
 .text.LPUART_Putchar9
                0x000032be       0x16 ./SDK/platform/drivers/src/lpuart/lpuart_hw_access.o
                0x000032be                LPUART_Putchar9
 .text.LPUART_Putchar10
                0x000032d4       0x22 ./SDK/platform/drivers/src/lpuart/lpuart_hw_access.o
                0x000032d4                LPUART_Putchar10
 .text.LPUART_Getchar9
                0x000032f6       0x1e ./SDK/platform/drivers/src/lpuart/lpuart_hw_access.o
                0x000032f6                LPUART_Getchar9
 .text.LPUART_Getchar10
                0x00003314       0x26 ./SDK/platform/drivers/src/lpuart/lpuart_hw_access.o
                0x00003314                LPUART_Getchar10
 .text.LPUART_SetIntMode
                0x0000333a       0x70 ./SDK/platform/drivers/src/lpuart/lpuart_hw_access.o
                0x0000333a                LPUART_SetIntMode
 .text.LPUART_GetIntMode
                0x000033aa       0x4a ./SDK/platform/drivers/src/lpuart/lpuart_hw_access.o
                0x000033aa                LPUART_GetIntMode
 .text.LPUART_GetStatusFlag
                0x000033f4       0x48 ./SDK/platform/drivers/src/lpuart/lpuart_hw_access.o
                0x000033f4                LPUART_GetStatusFlag
 .text.LPUART_SetErrorInterrupts
                0x0000343c       0x40 ./SDK/platform/drivers/src/lpuart/lpuart_hw_access.o
                0x0000343c                LPUART_SetErrorInterrupts
 .text.LPUART0_IrqHandler
                0x0000347c        0xa ./SDK/platform/drivers/src/lpuart/lpuart_irq.o
                0x0000347c                LPUART0_IrqHandler
 .text.LPUART1_IrqHandler
                0x00003486        0xa ./SDK/platform/drivers/src/lpuart/lpuart_irq.o
                0x00003486                LPUART1_IrqHandler
 .text.LPUART2_IrqHandler
                0x00003490        0xa ./SDK/platform/drivers/src/lpuart/lpuart_irq.o
                0x00003490                LPUART2_IrqHandler
 .text.PINS_DRV_Init
                0x0000349a       0x20 ./SDK/platform/drivers/src/pins/pins_driver.o
                0x0000349a                PINS_DRV_Init
 .text.PINS_DRV_SetPins
                0x000034ba        0x4 ./SDK/platform/drivers/src/pins/pins_driver.o
                0x000034ba                PINS_DRV_SetPins
 .text.PINS_DRV_ReadPins
                0x000034be        0x4 ./SDK/platform/drivers/src/pins/pins_driver.o
                0x000034be                PINS_DRV_ReadPins
 *fill*         0x000034c2        0x2 
 .text.PINS_GetAdcInterleaveVal
                0x000034c4       0x70 ./SDK/platform/drivers/src/pins/pins_port_hw_access.o
 .text.PINS_Init
                0x00003534      0x138 ./SDK/platform/drivers/src/pins/pins_port_hw_access.o
                0x00003534                PINS_Init
 .text.SysTick_Handler
                0x0000366c       0x10 ./SDK/rtos/osif/osif_baremetal.o
                0x0000366c                SysTick_Handler
 .text.OSIF_SemaPost
                0x0000367c       0x2c ./SDK/rtos/osif/osif_baremetal.o
                0x0000367c                OSIF_SemaPost
 .text.OSIF_SemaCreate
                0x000036a8       0x1a ./SDK/rtos/osif/osif_baremetal.o
                0x000036a8                OSIF_SemaCreate
 .text.delay    0x000036c2       0x12 ./src/main.o
                0x000036c2                delay
 .text.main     0x000036d4      0x104 ./src/main.o
                0x000036d4                main
 *(.rodata)
 *(.rodata*)
 .rodata.FMSTR_GetBoardInfo.str1.4
                0x000037d8       0x14 ./FreeMaster_S32K144/src_common/freemaster_protocol.o
                                 0x11 (size before relaxing)
 .rodata.clockNameMappings
                0x000037ec       0x9e ./SDK/platform/drivers/src/clock/S32K1xx/clock_S32K1xx.o
                0x000037ec                clockNameMappings
 *fill*         0x0000388a        0x2 
 .rodata.maxSysClksInHSRUN.7662
                0x0000388c       0x54 ./SDK/platform/drivers/src/clock/S32K1xx/clock_S32K1xx.o
 .rodata.maxSysClksInRUN.7661
                0x000038e0       0x54 ./SDK/platform/drivers/src/clock/S32K1xx/clock_S32K1xx.o
 .rodata.maxSysClksInVLPR.7660
                0x00003934       0x54 ./SDK/platform/drivers/src/clock/S32K1xx/clock_S32K1xx.o
 .rodata.peripheralFeaturesList
                0x00003988       0x4f ./SDK/platform/drivers/src/clock/S32K1xx/clock_S32K1xx.o
                0x00003988                peripheralFeaturesList
 *fill*         0x000039d7        0x1 
 .rodata.s_lpuartBase
                0x000039d8        0xc ./SDK/platform/drivers/src/lpuart/lpuart_driver.o
 .rodata.s_lpuartClkNames
                0x000039e4        0x3 ./SDK/platform/drivers/src/lpuart/lpuart_driver.o
 *fill*         0x000039e7        0x1 
 .rodata.s_lpuartRxTxIrqId
                0x000039e8        0x3 ./SDK/platform/drivers/src/lpuart/lpuart_driver.o
 *fill*         0x000039eb        0x1 
 .rodata.lpuart_1_InitConfig0
                0x000039ec        0xc ./board/peripherals_lpuart_1.o
                0x000039ec                lpuart_1_InitConfig0
 *(.init)
 .init          0x000039f8        0x4 c:/nxp/s32ds.3.4/s32ds/build_tools/gcc_v6.3/gcc-6.3-arm32-eabi/bin/../lib/gcc/arm-none-eabi/6.3.1/thumb/v7e-m/fpv4-sp/hard/crti.o
                0x000039f8                _init
 *(.fini)
 .fini          0x000039fc        0x4 c:/nxp/s32ds.3.4/s32ds/build_tools/gcc_v6.3/gcc-6.3-arm32-eabi/bin/../lib/gcc/arm-none-eabi/6.3.1/thumb/v7e-m/fpv4-sp/hard/crti.o
                0x000039fc                _fini
 *(.eh_frame)
                0x00003a00                . = ALIGN (0x4)

.glue_7         0x00003a00        0x0
 .glue_7        0x00003a00        0x0 linker stubs

.glue_7t        0x00003a00        0x0
 .glue_7t       0x00003a00        0x0 linker stubs

.vfp11_veneer   0x00003a00        0x0
 .vfp11_veneer  0x00003a00        0x0 linker stubs

.v4_bx          0x00003a00        0x0
 .v4_bx         0x00003a00        0x0 linker stubs

.iplt           0x00003a00        0x0
 .iplt          0x00003a00        0x0 c:/nxp/s32ds.3.4/s32ds/build_tools/gcc_v6.3/gcc-6.3-arm32-eabi/bin/../lib/gcc/arm-none-eabi/6.3.1/thumb/v7e-m/fpv4-sp/hard/crtbegin.o

.rel.dyn        0x00003a00        0x0
 .rel.iplt      0x00003a00        0x0 c:/nxp/s32ds.3.4/s32ds/build_tools/gcc_v6.3/gcc-6.3-arm32-eabi/bin/../lib/gcc/arm-none-eabi/6.3.1/thumb/v7e-m/fpv4-sp/hard/crtbegin.o

.ARM            0x00003a00        0x0
                0x00003a00                __exidx_start = .
 *(.ARM.exidx*)
                0x00003a00                __exidx_end = .
                0x00003a00                __etext = .
                0x00003a00                __DATA_ROM = .

.interrupts_ram
                0x1fff8000      0x400
                0x1fff8000                . = ALIGN (0x4)
                0x1fff8000                __VECTOR_RAM__ = .
                0x1fff8000                __RAM_START = .
                0x1fff8000                __interrupts_ram_start__ = .
 *(.m_interrupts_ram)
                0x1fff8400                . = (. + M_VECTOR_RAM_SIZE)
 *fill*         0x1fff8000      0x400 
                0x1fff8400                . = ALIGN (0x4)
                0x1fff8400                __interrupts_ram_end__ = .
                0x1fff8000                __VECTOR_RAM = DEFINED (__flash_vector_table__)?ORIGIN (m_interrupts):__VECTOR_RAM__
                0x00000400                __RAM_VECTOR_TABLE_SIZE = DEFINED (__flash_vector_table__)?0x0:(__interrupts_ram_end__ - __interrupts_ram_start__)

.data           0x1fff8400      0x234 load address 0x00003a00
                0x1fff8400                . = ALIGN (0x4)
                0x1fff8400                __DATA_RAM = .
                0x1fff8400                __data_start__ = .
 *(.data)
 *(.data*)
 .data.peripheralClockConfig.7389
                0x1fff8400       0xa0 ./SDK/platform/drivers/src/clock/S32K1xx/clock_S32K1xx.o
 .data.g_lpuartIsr
                0x1fff84a0        0xc ./SDK/platform/drivers/src/lpuart/lpuart_irq.o
                0x1fff84a0                g_lpuartIsr
 .data.clockMan1_InitConfig0
                0x1fff84ac       0x88 ./board/clock_config.o
                0x1fff84ac                clockMan1_InitConfig0
 .data.peripheralClockConfig0
                0x1fff8534       0xa0 ./board/clock_config.o
                0x1fff8534                peripheralClockConfig0
 .data.g_pin_mux_InitConfigArr0
                0x1fff85d4       0x60 ./board/pin_mux.o
                0x1fff85d4                g_pin_mux_InitConfigArr0
                0x1fff8634                . = ALIGN (0x4)
                0x1fff8634                __data_end__ = .
                0x00003c34                __DATA_END = (__DATA_ROM + (__data_end__ - __data_start__))
                0x00003c34                __CODE_ROM = __DATA_END

.igot.plt       0x1fff8634        0x0 load address 0x00003c34
 .igot.plt      0x1fff8634        0x0 c:/nxp/s32ds.3.4/s32ds/build_tools/gcc_v6.3/gcc-6.3-arm32-eabi/bin/../lib/gcc/arm-none-eabi/6.3.1/thumb/v7e-m/fpv4-sp/hard/crtbegin.o

.code           0x1fff8634        0x0 load address 0x00003c34
                0x1fff8634                . = ALIGN (0x4)
                0x1fff8634                __CODE_RAM = .
                0x1fff8634                __code_start__ = .
                0x1fff8634                __code_ram_start__ = .
 *(.code_ram)
                0x1fff8634                . = ALIGN (0x4)
                0x1fff8634                __code_end__ = .
                0x1fff8634                __code_ram_end__ = .
                0x00003c34                __CODE_END = (__CODE_ROM + (__code_end__ - __code_start__))
                0x00003c34                __CUSTOM_ROM = __CODE_END

.customSectionBlock
                0x20000000        0x0 load address 0x00003c34
                0x20000000                __customSection_start__ = .
 *(.customSection)
                0x20000000                __customSection_end__ = .
                0x00003c34                __CUSTOM_END = (__CUSTOM_ROM + (__customSection_end__ - __customSection_start__))
                0x00003c34                __rom_end = __CUSTOM_END

.bss            0x20000000      0x4d8
                0x20000000                . = ALIGN (0x4)
                0x20000000                __BSS_START = .
                0x20000000                __bss_start__ = .
 *(.bss)
 *(.bss*)
 .bss.pcm_nAppCmd
                0x20000000        0x1 ./FreeMaster_S32K144/src_common/freemaster_appcmd.o
 *fill*         0x20000001        0x1 
 .bss.pcm_nAppCmdLen
                0x20000002        0x2 ./FreeMaster_S32K144/src_common/freemaster_appcmd.o
 .bss.pcm_nAppCmdResult
                0x20000004        0x1 ./FreeMaster_S32K144/src_common/freemaster_appcmd.o
 .bss.pcm_nAppCmdResultDataLen
                0x20000005        0x1 ./FreeMaster_S32K144/src_common/freemaster_appcmd.o
 *fill*         0x20000006        0x2 
 .bss.pcm_pAppCmdBuff
                0x20000008       0x20 ./FreeMaster_S32K144/src_common/freemaster_appcmd.o
 .bss.pcm_pAppCmdCallFunc
                0x20000028       0x10 ./FreeMaster_S32K144/src_common/freemaster_appcmd.o
 .bss.pcm_pAppCmdCallId
                0x20000038        0x4 ./FreeMaster_S32K144/src_common/freemaster_appcmd.o
 .bss.pcm_pipes
                0x2000003c      0x120 ./FreeMaster_S32K144/src_common/freemaster_pipes.o
 .bss.pcm_bTrgVarSigned
                0x2000015c        0x1 ./FreeMaster_S32K144/src_common/freemaster_rec.o
 *fill*         0x2000015d        0x3 
 .bss.pcm_nRecBuffAddr
                0x20000160        0x4 ./FreeMaster_S32K144/src_common/freemaster_rec.o
 .bss.pcm_nTrgVarAddr
                0x20000164        0x4 ./FreeMaster_S32K144/src_common/freemaster_rec.o
 .bss.pcm_nTrgVarSize
                0x20000168        0x1 ./FreeMaster_S32K144/src_common/freemaster_rec.o
 *fill*         0x20000169        0x3 
 .bss.pcm_pCompareFunc
                0x2000016c        0x4 ./FreeMaster_S32K144/src_common/freemaster_rec.o
 .bss.pcm_pOwnRecBuffer
                0x20000170      0x200 ./FreeMaster_S32K144/src_common/freemaster_rec.o
 .bss.pcm_uTrgThreshold
                0x20000370        0x4 ./FreeMaster_S32K144/src_common/freemaster_rec.o
 .bss.pcm_nScopeVarCount
                0x20000374        0x1 ./FreeMaster_S32K144/src_common/freemaster_scope.o
 *fill*         0x20000375        0x3 
 .bss.pcm_pScopeVarAddr
                0x20000378       0x20 ./FreeMaster_S32K144/src_common/freemaster_scope.o
 .bss.pcm_pScopeVarSize
                0x20000398        0x8 ./FreeMaster_S32K144/src_common/freemaster_scope.o
 .bss.pcm_nRxCheckSum
                0x200003a0        0x1 ./FreeMaster_S32K144/src_common/freemaster_serial.o
 .bss.pcm_nRxTodo
                0x200003a1        0x1 ./FreeMaster_S32K144/src_common/freemaster_serial.o
 .bss.pcm_nTxTodo
                0x200003a2        0x1 ./FreeMaster_S32K144/src_common/freemaster_serial.o
 *fill*         0x200003a3        0x1 
 .bss.pcm_pCommBuffer
                0x200003a4       0x3f ./FreeMaster_S32K144/src_common/freemaster_serial.o
 *fill*         0x200003e3        0x1 
 .bss.pcm_pRQueueBuffer
                0x200003e4       0x20 ./FreeMaster_S32K144/src_common/freemaster_serial.o
 .bss.pcm_pRQueueRP
                0x20000404        0x4 ./FreeMaster_S32K144/src_common/freemaster_serial.o
 .bss.pcm_pRQueueWP
                0x20000408        0x4 ./FreeMaster_S32K144/src_common/freemaster_serial.o
 .bss.pcm_pRxBuff
                0x2000040c        0x4 ./FreeMaster_S32K144/src_common/freemaster_serial.o
 .bss.pcm_pTxBuff
                0x20000410        0x4 ./FreeMaster_S32K144/src_common/freemaster_serial.o
 .bss.pcm_wFlags
                0x20000414        0x4 ./FreeMaster_S32K144/src_common/freemaster_serial.o
 .bss.pcm_bNextAddrIsEx
                0x20000418        0x1 ./FreeMaster_S32K144/src_platforms/S32xx/freemaster_S32xx.o
 *fill*         0x20000419        0x3 
 .bss.s_virtEdmaState
                0x2000041c        0x4 ./SDK/platform/drivers/src/edma/edma_driver.o
 .bss.g_interruptDisableCount
                0x20000420        0x4 ./SDK/platform/drivers/src/interrupt/interrupt_manager.o
 .bss.s_lpuartStatePtr
                0x20000424        0xc ./SDK/platform/drivers/src/lpuart/lpuart_driver.o
 .bss.s_osif_tick_cnt
                0x20000430        0x4 ./SDK/rtos/osif/osif_baremetal.o
 .bss.BtnSW2_Status
                0x20000434        0x1 ./src/main.o
                0x20000434                BtnSW2_Status
 .bss.BtnSW3_Status
                0x20000435        0x1 ./src/main.o
                0x20000435                BtnSW3_Status
 *(COMMON)
 *fill*         0x20000436        0x2 
 COMMON         0x20000438       0x48 ./FreeMaster_S32K144/src_common/freemaster_rec.o
                0x20000438                pcm_pRecVarAddr
                0x20000458                pcm_wRecBuffStartIx
                0x2000045c                pcm_dwRecEndBuffPtr
                0x20000460                pcm_pRecVarSize
                0x20000468                pcm_wRecTotalSmps
                0x2000046a                pcm_nRecVarCount
                0x2000046c                pcm_wRecTimeDivCtr
                0x2000046e                pcm_wStoprecCountDown
                0x20000470                pcm_nRecTriggerMode
                0x20000474                pcm_wRecFlags
                0x20000478                pcm_wRecTimeDiv
                0x2000047a                pcm_wRecPostTrigger
                0x2000047c                pcm_dwRecWritePtr
 COMMON         0x20000480       0x14 ./SDK/platform/drivers/src/clock/S32K1xx/clock_S32K1xx.o
                0x20000480                g_xtal0ClkFreq
                0x20000484                g_RtcClkInFreq
                0x20000488                g_TClkFreq
 COMMON         0x20000494       0x34 ./board/peripherals_lpuart_1.o
                0x20000494                lpUartState1
 COMMON         0x200004c8        0xd ./src/main.o
                0x200004c8                System_Status
                0x200004cc                result1
                0x200004d0                result2
                0x200004d4                load
                0x200004d8                . = ALIGN (0x4)
 *fill*         0x200004d5        0x3 
                0x200004d8                __bss_end__ = .
                0x200004d8                __BSS_END = .

.heap           0x200004d8      0x400
                0x200004d8                . = ALIGN (0x8)
                0x200004d8                __end__ = .
                0x200004d8                __heap_start__ = .
                [!provide]                PROVIDE (end, .)
                [!provide]                PROVIDE (_end, .)
                [!provide]                PROVIDE (__end, .)
                0x200004d8                __HeapBase = .
                0x200008d8                . = (. + HEAP_SIZE)
 *fill*         0x200004d8      0x400 
                0x200008d8                __HeapLimit = .
                0x200008d8                __heap_limit = .
                0x200008d8                __heap_end__ = .
                0x20007000                __StackTop = (ORIGIN (m_data_2) + LENGTH (m_data_2))
                0x20006c00                __StackLimit = (__StackTop - STACK_SIZE)
                0x20007000                PROVIDE (__stack, __StackTop)
                0x20007000                __RAM_END = __StackTop

.stack          0x20006c00      0x400
                0x20006c00                . = ALIGN (0x8)
                0x20006c00                __stack_start__ = .
                0x20007000                . = (. + STACK_SIZE)
 *fill*         0x20006c00      0x400 
                0x20007000                __stack_end__ = .

.ARM.attributes
                0x00000000       0x30
 *(.ARM.attributes)
 .ARM.attributes
                0x00000000       0x22 c:/nxp/s32ds.3.4/s32ds/build_tools/gcc_v6.3/gcc-6.3-arm32-eabi/bin/../lib/gcc/arm-none-eabi/6.3.1/thumb/v7e-m/fpv4-sp/hard/crti.o
 .ARM.attributes
                0x00000022       0x39 ./FreeMaster_S32K144/src_common/freemaster_appcmd.o
 .ARM.attributes
                0x0000005b       0x39 ./FreeMaster_S32K144/src_common/freemaster_pipes.o
 .ARM.attributes
                0x00000094       0x39 ./FreeMaster_S32K144/src_common/freemaster_protocol.o
 .ARM.attributes
                0x000000cd       0x39 ./FreeMaster_S32K144/src_common/freemaster_rec.o
 .ARM.attributes
                0x00000106       0x39 ./FreeMaster_S32K144/src_common/freemaster_scope.o
 .ARM.attributes
                0x0000013f       0x39 ./FreeMaster_S32K144/src_common/freemaster_serial.o
 .ARM.attributes
                0x00000178       0x39 ./FreeMaster_S32K144/src_platforms/S32xx/freemaster_S32xx.o
 .ARM.attributes
                0x000001b1       0x1f ./Project_Settings/Startup_Code/startup_S32K144.o
 .ARM.attributes
                0x000001d0       0x39 ./SDK/platform/devices/S32K144/startup/system_S32K144.o
 .ARM.attributes
                0x00000209       0x39 ./SDK/platform/devices/startup.o
 .ARM.attributes
                0x00000242       0x39 ./SDK/platform/drivers/src/clock/S32K1xx/clock_S32K1xx.o
 .ARM.attributes
                0x0000027b       0x39 ./SDK/platform/drivers/src/edma/edma_driver.o
 .ARM.attributes
                0x000002b4       0x39 ./SDK/platform/drivers/src/edma/edma_hw_access.o
 .ARM.attributes
                0x000002ed       0x39 ./SDK/platform/drivers/src/edma/edma_irq.o
 .ARM.attributes
                0x00000326       0x39 ./SDK/platform/drivers/src/interrupt/interrupt_manager.o
 .ARM.attributes
                0x0000035f       0x39 ./SDK/platform/drivers/src/lpuart/lpuart_driver.o
 .ARM.attributes
                0x00000398       0x39 ./SDK/platform/drivers/src/lpuart/lpuart_hw_access.o
 .ARM.attributes
                0x000003d1       0x39 ./SDK/platform/drivers/src/lpuart/lpuart_irq.o
 .ARM.attributes
                0x0000040a       0x39 ./SDK/platform/drivers/src/pins/pins_driver.o
 .ARM.attributes
                0x00000443       0x39 ./SDK/platform/drivers/src/pins/pins_port_hw_access.o
 .ARM.attributes
                0x0000047c       0x39 ./SDK/rtos/osif/osif_baremetal.o
 .ARM.attributes
                0x000004b5       0x39 ./board/clock_config.o
 .ARM.attributes
                0x000004ee       0x39 ./board/peripherals_lpuart_1.o
 .ARM.attributes
                0x00000527       0x39 ./board/pin_mux.o
 .ARM.attributes
                0x00000560       0x39 ./src/main.o
                0x00000001                ASSERT ((__rom_end <= (ORIGIN (m_text) + LENGTH (m_text))), Region m_text overflowed!)
                0x00000001                ASSERT ((__StackLimit >= __HeapLimit), region m_data_2 overflowed with stack and heap)
OUTPUT(GPIO_polling_example.elf elf32-littlearm)

.debug_info     0x00000000    0x1b58f
 .debug_info    0x00000000      0x51e ./FreeMaster_S32K144/src_common/freemaster_appcmd.o
 .debug_info    0x0000051e     0x182d ./FreeMaster_S32K144/src_common/freemaster_pipes.o
 .debug_info    0x00001d4b      0x922 ./FreeMaster_S32K144/src_common/freemaster_protocol.o
 .debug_info    0x0000266d      0x816 ./FreeMaster_S32K144/src_common/freemaster_rec.o
 .debug_info    0x00002e83      0x1bb ./FreeMaster_S32K144/src_common/freemaster_scope.o
 .debug_info    0x0000303e      0x52a ./FreeMaster_S32K144/src_common/freemaster_serial.o
 .debug_info    0x00003568      0x502 ./FreeMaster_S32K144/src_platforms/S32xx/freemaster_S32xx.o
 .debug_info    0x00003a6a       0x26 ./Project_Settings/Startup_Code/startup_S32K144.o
 .debug_info    0x00003a90      0x521 ./SDK/platform/devices/S32K144/startup/system_S32K144.o
 .debug_info    0x00003fb1      0x2ad ./SDK/platform/devices/startup.o
 .debug_info    0x0000425e     0x6374 ./SDK/platform/drivers/src/clock/S32K1xx/clock_S32K1xx.o
 .debug_info    0x0000a5d2     0x48a2 ./SDK/platform/drivers/src/edma/edma_driver.o
 .debug_info    0x0000ee74      0xa56 ./SDK/platform/drivers/src/edma/edma_hw_access.o
 .debug_info    0x0000f8ca      0x6de ./SDK/platform/drivers/src/edma/edma_irq.o
 .debug_info    0x0000ffa8      0xc99 ./SDK/platform/drivers/src/interrupt/interrupt_manager.o
 .debug_info    0x00010c41     0x3763 ./SDK/platform/drivers/src/lpuart/lpuart_driver.o
 .debug_info    0x000143a4      0x9bf ./SDK/platform/drivers/src/lpuart/lpuart_hw_access.o
 .debug_info    0x00014d63      0x12b ./SDK/platform/drivers/src/lpuart/lpuart_irq.o
 .debug_info    0x00014e8e     0x14b7 ./SDK/platform/drivers/src/pins/pins_driver.o
 .debug_info    0x00016345      0x9a5 ./SDK/platform/drivers/src/pins/pins_port_hw_access.o
 .debug_info    0x00016cea      0xbd2 ./SDK/rtos/osif/osif_baremetal.o
 .debug_info    0x000178bc     0x12b9 ./board/clock_config.o
 .debug_info    0x00018b75      0x5cd ./board/peripherals_lpuart_1.o
 .debug_info    0x00019142      0x409 ./board/pin_mux.o
 .debug_info    0x0001954b     0x2044 ./src/main.o

.debug_abbrev   0x00000000     0x30d1
 .debug_abbrev  0x00000000      0x19b ./FreeMaster_S32K144/src_common/freemaster_appcmd.o
 .debug_abbrev  0x0000019b      0x351 ./FreeMaster_S32K144/src_common/freemaster_pipes.o
 .debug_abbrev  0x000004ec      0x11a ./FreeMaster_S32K144/src_common/freemaster_protocol.o
 .debug_abbrev  0x00000606      0x2c1 ./FreeMaster_S32K144/src_common/freemaster_rec.o
 .debug_abbrev  0x000008c7       0xeb ./FreeMaster_S32K144/src_common/freemaster_scope.o
 .debug_abbrev  0x000009b2      0x225 ./FreeMaster_S32K144/src_common/freemaster_serial.o
 .debug_abbrev  0x00000bd7      0x115 ./FreeMaster_S32K144/src_platforms/S32xx/freemaster_S32xx.o
 .debug_abbrev  0x00000cec       0x14 ./Project_Settings/Startup_Code/startup_S32K144.o
 .debug_abbrev  0x00000d00      0x141 ./SDK/platform/devices/S32K144/startup/system_S32K144.o
 .debug_abbrev  0x00000e41       0xe1 ./SDK/platform/devices/startup.o
 .debug_abbrev  0x00000f22      0x409 ./SDK/platform/drivers/src/clock/S32K1xx/clock_S32K1xx.o
 .debug_abbrev  0x0000132b      0x414 ./SDK/platform/drivers/src/edma/edma_driver.o
 .debug_abbrev  0x0000173f      0x242 ./SDK/platform/drivers/src/edma/edma_hw_access.o
 .debug_abbrev  0x00001981      0x1bb ./SDK/platform/drivers/src/edma/edma_irq.o
 .debug_abbrev  0x00001b3c      0x278 ./SDK/platform/drivers/src/interrupt/interrupt_manager.o
 .debug_abbrev  0x00001db4      0x3ad ./SDK/platform/drivers/src/lpuart/lpuart_driver.o
 .debug_abbrev  0x00002161      0x1ef ./SDK/platform/drivers/src/lpuart/lpuart_hw_access.o
 .debug_abbrev  0x00002350       0xbc ./SDK/platform/drivers/src/lpuart/lpuart_irq.o
 .debug_abbrev  0x0000240c      0x2f6 ./SDK/platform/drivers/src/pins/pins_driver.o
 .debug_abbrev  0x00002702      0x232 ./SDK/platform/drivers/src/pins/pins_port_hw_access.o
 .debug_abbrev  0x00002934      0x2e1 ./SDK/rtos/osif/osif_baremetal.o
 .debug_abbrev  0x00002c15      0x125 ./board/clock_config.o
 .debug_abbrev  0x00002d3a       0xbf ./board/peripherals_lpuart_1.o
 .debug_abbrev  0x00002df9       0xcd ./board/pin_mux.o
 .debug_abbrev  0x00002ec6      0x20b ./src/main.o

.debug_loc      0x00000000    0x10c34
 .debug_loc     0x00000000      0x563 ./FreeMaster_S32K144/src_common/freemaster_appcmd.o
 .debug_loc     0x00000563     0x1ec2 ./FreeMaster_S32K144/src_common/freemaster_pipes.o
 .debug_loc     0x00002425      0x706 ./FreeMaster_S32K144/src_common/freemaster_protocol.o
 .debug_loc     0x00002b2b      0x409 ./FreeMaster_S32K144/src_common/freemaster_rec.o
 .debug_loc     0x00002f34      0x199 ./FreeMaster_S32K144/src_common/freemaster_scope.o
 .debug_loc     0x000030cd      0x2bb ./FreeMaster_S32K144/src_common/freemaster_serial.o
 .debug_loc     0x00003388      0x539 ./FreeMaster_S32K144/src_platforms/S32xx/freemaster_S32xx.o
 .debug_loc     0x000038c1       0xeb ./SDK/platform/devices/S32K144/startup/system_S32K144.o
 .debug_loc     0x000039ac       0xec ./SDK/platform/devices/startup.o
 .debug_loc     0x00003a98     0x5061 ./SDK/platform/drivers/src/clock/S32K1xx/clock_S32K1xx.o
 .debug_loc     0x00008af9     0x336f ./SDK/platform/drivers/src/edma/edma_driver.o
 .debug_loc     0x0000be68      0x7b9 ./SDK/platform/drivers/src/edma/edma_hw_access.o
 .debug_loc     0x0000c621       0x50 ./SDK/platform/drivers/src/edma/edma_irq.o
 .debug_loc     0x0000c671      0x678 ./SDK/platform/drivers/src/interrupt/interrupt_manager.o
 .debug_loc     0x0000cce9     0x264e ./SDK/platform/drivers/src/lpuart/lpuart_driver.o
 .debug_loc     0x0000f337      0x75e ./SDK/platform/drivers/src/lpuart/lpuart_hw_access.o
 .debug_loc     0x0000fa95      0x7c7 ./SDK/platform/drivers/src/pins/pins_driver.o
 .debug_loc     0x0001025c      0x639 ./SDK/platform/drivers/src/pins/pins_port_hw_access.o
 .debug_loc     0x00010895      0x353 ./SDK/rtos/osif/osif_baremetal.o
 .debug_loc     0x00010be8       0x4c ./src/main.o

.debug_aranges  0x00000000      0xb90
 .debug_aranges
                0x00000000       0x68 ./FreeMaster_S32K144/src_common/freemaster_appcmd.o
 .debug_aranges
                0x00000068       0xf0 ./FreeMaster_S32K144/src_common/freemaster_pipes.o
 .debug_aranges
                0x00000158       0x70 ./FreeMaster_S32K144/src_common/freemaster_protocol.o
 .debug_aranges
                0x000001c8       0xa0 ./FreeMaster_S32K144/src_common/freemaster_rec.o
 .debug_aranges
                0x00000268       0x30 ./FreeMaster_S32K144/src_common/freemaster_scope.o
 .debug_aranges
                0x00000298       0x50 ./FreeMaster_S32K144/src_common/freemaster_serial.o
 .debug_aranges
                0x000002e8       0x78 ./FreeMaster_S32K144/src_platforms/S32xx/freemaster_S32xx.o
 .debug_aranges
                0x00000360       0x20 ./Project_Settings/Startup_Code/startup_S32K144.o
 .debug_aranges
                0x00000380       0x30 ./SDK/platform/devices/S32K144/startup/system_S32K144.o
 .debug_aranges
                0x000003b0       0x20 ./SDK/platform/devices/startup.o
 .debug_aranges
                0x000003d0      0x128 ./SDK/platform/drivers/src/clock/S32K1xx/clock_S32K1xx.o
 .debug_aranges
                0x000004f8      0x140 ./SDK/platform/drivers/src/edma/edma_driver.o
 .debug_aranges
                0x00000638       0x88 ./SDK/platform/drivers/src/edma/edma_hw_access.o
 .debug_aranges
                0x000006c0       0xa0 ./SDK/platform/drivers/src/edma/edma_irq.o
 .debug_aranges
                0x00000760       0x70 ./SDK/platform/drivers/src/interrupt/interrupt_manager.o
 .debug_aranges
                0x000007d0      0x118 ./SDK/platform/drivers/src/lpuart/lpuart_driver.o
 .debug_aranges
                0x000008e8       0x78 ./SDK/platform/drivers/src/lpuart/lpuart_hw_access.o
 .debug_aranges
                0x00000960       0x30 ./SDK/platform/drivers/src/lpuart/lpuart_irq.o
 .debug_aranges
                0x00000990       0xe0 ./SDK/platform/drivers/src/pins/pins_driver.o
 .debug_aranges
                0x00000a70       0x40 ./SDK/platform/drivers/src/pins/pins_port_hw_access.o
 .debug_aranges
                0x00000ab0       0x70 ./SDK/rtos/osif/osif_baremetal.o
 .debug_aranges
                0x00000b20       0x18 ./board/clock_config.o
 .debug_aranges
                0x00000b38       0x18 ./board/peripherals_lpuart_1.o
 .debug_aranges
                0x00000b50       0x18 ./board/pin_mux.o
 .debug_aranges
                0x00000b68       0x28 ./src/main.o

.debug_ranges   0x00000000      0xf68
 .debug_ranges  0x00000000       0x58 ./FreeMaster_S32K144/src_common/freemaster_appcmd.o
 .debug_ranges  0x00000058      0x190 ./FreeMaster_S32K144/src_common/freemaster_pipes.o
 .debug_ranges  0x000001e8       0x60 ./FreeMaster_S32K144/src_common/freemaster_protocol.o
 .debug_ranges  0x00000248       0xa8 ./FreeMaster_S32K144/src_common/freemaster_rec.o
 .debug_ranges  0x000002f0       0x20 ./FreeMaster_S32K144/src_common/freemaster_scope.o
 .debug_ranges  0x00000310       0x40 ./FreeMaster_S32K144/src_common/freemaster_serial.o
 .debug_ranges  0x00000350       0x68 ./FreeMaster_S32K144/src_platforms/S32xx/freemaster_S32xx.o
 .debug_ranges  0x000003b8       0x20 ./SDK/platform/devices/S32K144/startup/system_S32K144.o
 .debug_ranges  0x000003d8       0x10 ./SDK/platform/devices/startup.o
 .debug_ranges  0x000003e8      0x468 ./SDK/platform/drivers/src/clock/S32K1xx/clock_S32K1xx.o
 .debug_ranges  0x00000850      0x190 ./SDK/platform/drivers/src/edma/edma_driver.o
 .debug_ranges  0x000009e0       0x90 ./SDK/platform/drivers/src/edma/edma_hw_access.o
 .debug_ranges  0x00000a70       0x90 ./SDK/platform/drivers/src/edma/edma_irq.o
 .debug_ranges  0x00000b00       0x98 ./SDK/platform/drivers/src/interrupt/interrupt_manager.o
 .debug_ranges  0x00000b98      0x180 ./SDK/platform/drivers/src/lpuart/lpuart_driver.o
 .debug_ranges  0x00000d18       0x68 ./SDK/platform/drivers/src/lpuart/lpuart_hw_access.o
 .debug_ranges  0x00000d80       0x20 ./SDK/platform/drivers/src/lpuart/lpuart_irq.o
 .debug_ranges  0x00000da0       0xd0 ./SDK/platform/drivers/src/pins/pins_driver.o
 .debug_ranges  0x00000e70       0x48 ./SDK/platform/drivers/src/pins/pins_port_hw_access.o
 .debug_ranges  0x00000eb8       0x98 ./SDK/rtos/osif/osif_baremetal.o
 .debug_ranges  0x00000f50       0x18 ./src/main.o

.debug_macro    0x00000000    0x2199f
 .debug_macro   0x00000000       0x6b ./FreeMaster_S32K144/src_common/freemaster_appcmd.o
 .debug_macro   0x0000006b      0x8d4 ./FreeMaster_S32K144/src_common/freemaster_appcmd.o
 .debug_macro   0x0000093f       0x10 ./FreeMaster_S32K144/src_common/freemaster_appcmd.o
 .debug_macro   0x0000094f      0x109 ./FreeMaster_S32K144/src_common/freemaster_appcmd.o
 .debug_macro   0x00000a58      0x116 ./FreeMaster_S32K144/src_common/freemaster_appcmd.o
 .debug_macro   0x00000b6e      0x189 ./FreeMaster_S32K144/src_common/freemaster_appcmd.o
 .debug_macro   0x00000cf7       0x34 ./FreeMaster_S32K144/src_common/freemaster_appcmd.o
 .debug_macro   0x00000d2b       0x10 ./FreeMaster_S32K144/src_common/freemaster_appcmd.o
 .debug_macro   0x00000d3b      0x41a ./FreeMaster_S32K144/src_common/freemaster_appcmd.o
 .debug_macro   0x00001155       0x43 ./FreeMaster_S32K144/src_common/freemaster_appcmd.o
 .debug_macro   0x00001198      0x228 ./FreeMaster_S32K144/src_common/freemaster_appcmd.o
 .debug_macro   0x000013c0       0xac ./FreeMaster_S32K144/src_common/freemaster_pipes.o
 .debug_macro   0x0000146c       0x58 ./FreeMaster_S32K144/src_common/freemaster_pipes.o
 .debug_macro   0x000014c4       0x6b ./FreeMaster_S32K144/src_common/freemaster_protocol.o
 .debug_macro   0x0000152f       0x7b ./FreeMaster_S32K144/src_common/freemaster_rec.o
 .debug_macro   0x000015aa       0x10 ./FreeMaster_S32K144/src_common/freemaster_rec.o
 .debug_macro   0x000015ba       0x6b ./FreeMaster_S32K144/src_common/freemaster_scope.o
 .debug_macro   0x00001625       0x7d ./FreeMaster_S32K144/src_common/freemaster_serial.o
 .debug_macro   0x000016a2       0x66 ./FreeMaster_S32K144/src_platforms/S32xx/freemaster_S32xx.o
 .debug_macro   0x00001708       0xb6 ./SDK/platform/devices/S32K144/startup/system_S32K144.o
 .debug_macro   0x000017be       0x10 ./SDK/platform/devices/S32K144/startup/system_S32K144.o
 .debug_macro   0x000017ce       0x79 ./SDK/platform/devices/S32K144/startup/system_S32K144.o
 .debug_macro   0x00001847       0x19 ./SDK/platform/devices/S32K144/startup/system_S32K144.o
 .debug_macro   0x00001860       0x22 ./SDK/platform/devices/S32K144/startup/system_S32K144.o
 .debug_macro   0x00001882       0x4f ./SDK/platform/devices/S32K144/startup/system_S32K144.o
 .debug_macro   0x000018d1       0x51 ./SDK/platform/devices/S32K144/startup/system_S32K144.o
 .debug_macro   0x00001922       0xef ./SDK/platform/devices/S32K144/startup/system_S32K144.o
 .debug_macro   0x00001a11       0x6a ./SDK/platform/devices/S32K144/startup/system_S32K144.o
 .debug_macro   0x00001a7b      0x1df ./SDK/platform/devices/S32K144/startup/system_S32K144.o
 .debug_macro   0x00001c5a     0xee9e ./SDK/platform/devices/S32K144/startup/system_S32K144.o
 .debug_macro   0x00010af8      0xbbd ./SDK/platform/devices/S32K144/startup/system_S32K144.o
 .debug_macro   0x000116b5       0x22 ./SDK/platform/devices/S32K144/startup/system_S32K144.o
 .debug_macro   0x000116d7       0x28 ./SDK/platform/devices/S32K144/startup/system_S32K144.o
 .debug_macro   0x000116ff       0xb6 ./SDK/platform/devices/startup.o
 .debug_macro   0x000117b5     0xeeb3 ./SDK/platform/devices/startup.o
 .debug_macro   0x00020668       0x40 ./SDK/platform/devices/startup.o
 .debug_macro   0x000206a8      0x2b0 ./SDK/platform/drivers/src/clock/S32K1xx/clock_S32K1xx.o
 .debug_macro   0x00020958      0x16d ./SDK/platform/drivers/src/clock/S32K1xx/clock_S32K1xx.o
 .debug_macro   0x00020ac5       0x16 ./SDK/platform/drivers/src/clock/S32K1xx/clock_S32K1xx.o
 .debug_macro   0x00020adb       0x8a ./SDK/platform/drivers/src/clock/S32K1xx/clock_S32K1xx.o
 .debug_macro   0x00020b65       0xf7 ./SDK/platform/drivers/src/edma/edma_driver.o
 .debug_macro   0x00020c5c       0x10 ./SDK/platform/drivers/src/edma/edma_driver.o
 .debug_macro   0x00020c6c       0x16 ./SDK/platform/drivers/src/edma/edma_driver.o
 .debug_macro   0x00020c82       0xcc ./SDK/platform/drivers/src/edma/edma_hw_access.o
 .debug_macro   0x00020d4e       0xd0 ./SDK/platform/drivers/src/edma/edma_irq.o
 .debug_macro   0x00020e1e       0xca ./SDK/platform/drivers/src/interrupt/interrupt_manager.o
 .debug_macro   0x00020ee8      0x12d ./SDK/platform/drivers/src/lpuart/lpuart_driver.o
 .debug_macro   0x00021015       0x10 ./SDK/platform/drivers/src/lpuart/lpuart_driver.o
 .debug_macro   0x00021025       0x34 ./SDK/platform/drivers/src/lpuart/lpuart_driver.o
 .debug_macro   0x00021059      0x109 ./SDK/platform/drivers/src/lpuart/lpuart_hw_access.o
 .debug_macro   0x00021162       0xc1 ./SDK/platform/drivers/src/lpuart/lpuart_irq.o
 .debug_macro   0x00021223       0xde ./SDK/platform/drivers/src/pins/pins_driver.o
 .debug_macro   0x00021301       0xde ./SDK/platform/drivers/src/pins/pins_port_hw_access.o
 .debug_macro   0x000213df       0xfb ./SDK/rtos/osif/osif_baremetal.o
 .debug_macro   0x000214da       0xd9 ./board/clock_config.o
 .debug_macro   0x000215b3       0x16 ./board/clock_config.o
 .debug_macro   0x000215c9      0x10a ./board/peripherals_lpuart_1.o
 .debug_macro   0x000216d3       0xda ./board/pin_mux.o
 .debug_macro   0x000217ad      0x1f2 ./src/main.o

.debug_line     0x00000000     0x9829
 .debug_line    0x00000000      0x2f2 ./FreeMaster_S32K144/src_common/freemaster_appcmd.o
 .debug_line    0x000002f2      0x7d5 ./FreeMaster_S32K144/src_common/freemaster_pipes.o
 .debug_line    0x00000ac7      0x351 ./FreeMaster_S32K144/src_common/freemaster_protocol.o
 .debug_line    0x00000e18      0x3d4 ./FreeMaster_S32K144/src_common/freemaster_rec.o
 .debug_line    0x000011ec      0x235 ./FreeMaster_S32K144/src_common/freemaster_scope.o
 .debug_line    0x00001421      0x316 ./FreeMaster_S32K144/src_common/freemaster_serial.o
 .debug_line    0x00001737      0x2b0 ./FreeMaster_S32K144/src_platforms/S32xx/freemaster_S32xx.o
 .debug_line    0x000019e7       0xcc ./Project_Settings/Startup_Code/startup_S32K144.o
 .debug_line    0x00001ab3      0x423 ./SDK/platform/devices/S32K144/startup/system_S32K144.o
 .debug_line    0x00001ed6      0x3b1 ./SDK/platform/devices/startup.o
 .debug_line    0x00002287     0x150d ./SDK/platform/drivers/src/clock/S32K1xx/clock_S32K1xx.o
 .debug_line    0x00003794     0x10cd ./SDK/platform/drivers/src/edma/edma_driver.o
 .debug_line    0x00004861      0x5b4 ./SDK/platform/drivers/src/edma/edma_hw_access.o
 .debug_line    0x00004e15      0x51b ./SDK/platform/drivers/src/edma/edma_irq.o
 .debug_line    0x00005330      0x5aa ./SDK/platform/drivers/src/interrupt/interrupt_manager.o
 .debug_line    0x000058da      0xe4c ./SDK/platform/drivers/src/lpuart/lpuart_driver.o
 .debug_line    0x00006726      0x61c ./SDK/platform/drivers/src/lpuart/lpuart_hw_access.o
 .debug_line    0x00006d42      0x428 ./SDK/platform/drivers/src/lpuart/lpuart_irq.o
 .debug_line    0x0000716a      0x6f1 ./SDK/platform/drivers/src/pins/pins_driver.o
 .debug_line    0x0000785b      0x5b0 ./SDK/platform/drivers/src/pins/pins_port_hw_access.o
 .debug_line    0x00007e0b      0x61e ./SDK/rtos/osif/osif_baremetal.o
 .debug_line    0x00008429      0x451 ./board/clock_config.o
 .debug_line    0x0000887a      0x474 ./board/peripherals_lpuart_1.o
 .debug_line    0x00008cee      0x3ea ./board/pin_mux.o
 .debug_line    0x000090d8      0x751 ./src/main.o

.debug_str      0x00000000    0x77bf2
 .debug_str     0x00000000     0x729e ./FreeMaster_S32K144/src_common/freemaster_appcmd.o
                               0x72fb (size before relaxing)
 .debug_str     0x0000729e      0x7c9 ./FreeMaster_S32K144/src_common/freemaster_pipes.o
                               0x786d (size before relaxing)
 .debug_str     0x00007a67      0x257 ./FreeMaster_S32K144/src_common/freemaster_protocol.o
                               0x7309 (size before relaxing)
 .debug_str     0x00007cbe      0x423 ./FreeMaster_S32K144/src_common/freemaster_rec.o
                               0x7521 (size before relaxing)
 .debug_str     0x000080e1       0xa9 ./FreeMaster_S32K144/src_common/freemaster_scope.o
                               0x70e8 (size before relaxing)
 .debug_str     0x0000818a      0x2cd ./FreeMaster_S32K144/src_common/freemaster_serial.o
                               0x730c (size before relaxing)
 .debug_str     0x00008457       0xeb ./FreeMaster_S32K144/src_platforms/S32xx/freemaster_S32xx.o
                               0x688b (size before relaxing)
 .debug_str     0x00008542       0x7c ./Project_Settings/Startup_Code/startup_S32K144.o
                                 0xc6 (size before relaxing)
 .debug_str     0x000085be    0x66d33 ./SDK/platform/devices/S32K144/startup/system_S32K144.o
                              0x6951d (size before relaxing)
 .debug_str     0x0006f2f1      0x399 ./SDK/platform/devices/startup.o
                              0x6968f (size before relaxing)
 .debug_str     0x0006f68a     0x41a1 ./SDK/platform/drivers/src/clock/S32K1xx/clock_S32K1xx.o
                              0x6d82c (size before relaxing)
 .debug_str     0x0007382b     0x1f35 ./SDK/platform/drivers/src/edma/edma_driver.o
                              0x6c475 (size before relaxing)
 .debug_str     0x00075760       0x46 ./SDK/platform/drivers/src/edma/edma_hw_access.o
                              0x69c06 (size before relaxing)
 .debug_str     0x000757a6      0x162 ./SDK/platform/drivers/src/edma/edma_irq.o
                              0x69911 (size before relaxing)
 .debug_str     0x00075908      0x1c0 ./SDK/platform/drivers/src/interrupt/interrupt_manager.o
                              0x69e18 (size before relaxing)
 .debug_str     0x00075ac8      0xef4 ./SDK/platform/drivers/src/lpuart/lpuart_driver.o
                              0x6bc03 (size before relaxing)
 .debug_str     0x000769bc       0xc4 ./SDK/platform/drivers/src/lpuart/lpuart_hw_access.o
                              0x6a5b5 (size before relaxing)
 .debug_str     0x00076a80       0x69 ./SDK/platform/drivers/src/lpuart/lpuart_irq.o
                              0x69320 (size before relaxing)
 .debug_str     0x00076ae9      0x9dc ./SDK/platform/drivers/src/pins/pins_driver.o
                              0x6a7eb (size before relaxing)
 .debug_str     0x000774c5      0x1cf ./SDK/platform/drivers/src/pins/pins_port_hw_access.o
                              0x69cd3 (size before relaxing)
 .debug_str     0x00077694      0x1b7 ./SDK/rtos/osif/osif_baremetal.o
                              0x6a672 (size before relaxing)
 .debug_str     0x0007784b       0xda ./board/clock_config.o
                              0x6b5d1 (size before relaxing)
 .debug_str     0x00077925       0x5e ./board/peripherals_lpuart_1.o
                              0x6a224 (size before relaxing)
 .debug_str     0x00077983       0x53 ./board/pin_mux.o
                              0x6999e (size before relaxing)
 .debug_str     0x000779d6      0x21c ./src/main.o
                              0x6e1de (size before relaxing)

.comment        0x00000000       0xa0
 .comment       0x00000000       0xa0 ./FreeMaster_S32K144/src_common/freemaster_appcmd.o
                                 0xa1 (size before relaxing)
 .comment       0x000000a0       0xa1 ./FreeMaster_S32K144/src_common/freemaster_pipes.o
 .comment       0x000000a0       0xa1 ./FreeMaster_S32K144/src_common/freemaster_protocol.o
 .comment       0x000000a0       0xa1 ./FreeMaster_S32K144/src_common/freemaster_rec.o
 .comment       0x000000a0       0xa1 ./FreeMaster_S32K144/src_common/freemaster_scope.o
 .comment       0x000000a0       0xa1 ./FreeMaster_S32K144/src_common/freemaster_serial.o
 .comment       0x000000a0       0xa1 ./FreeMaster_S32K144/src_platforms/S32xx/freemaster_S32xx.o
 .comment       0x000000a0       0xa1 ./SDK/platform/devices/S32K144/startup/system_S32K144.o
 .comment       0x000000a0       0xa1 ./SDK/platform/devices/startup.o
 .comment       0x000000a0       0xa1 ./SDK/platform/drivers/src/clock/S32K1xx/clock_S32K1xx.o
 .comment       0x000000a0       0xa1 ./SDK/platform/drivers/src/edma/edma_driver.o
 .comment       0x000000a0       0xa1 ./SDK/platform/drivers/src/edma/edma_hw_access.o
 .comment       0x000000a0       0xa1 ./SDK/platform/drivers/src/edma/edma_irq.o
 .comment       0x000000a0       0xa1 ./SDK/platform/drivers/src/interrupt/interrupt_manager.o
 .comment       0x000000a0       0xa1 ./SDK/platform/drivers/src/lpuart/lpuart_driver.o
 .comment       0x000000a0       0xa1 ./SDK/platform/drivers/src/lpuart/lpuart_hw_access.o
 .comment       0x000000a0       0xa1 ./SDK/platform/drivers/src/lpuart/lpuart_irq.o
 .comment       0x000000a0       0xa1 ./SDK/platform/drivers/src/pins/pins_driver.o
 .comment       0x000000a0       0xa1 ./SDK/platform/drivers/src/pins/pins_port_hw_access.o
 .comment       0x000000a0       0xa1 ./SDK/rtos/osif/osif_baremetal.o
 .comment       0x000000a0       0xa1 ./board/clock_config.o
 .comment       0x000000a0       0xa1 ./board/peripherals_lpuart_1.o
 .comment       0x000000a0       0xa1 ./board/pin_mux.o
 .comment       0x000000a0       0xa1 ./src/main.o

.debug_frame    0x00000000     0x1dd4
 .debug_frame   0x00000000      0x110 ./FreeMaster_S32K144/src_common/freemaster_appcmd.o
 .debug_frame   0x00000110      0x350 ./FreeMaster_S32K144/src_common/freemaster_pipes.o
 .debug_frame   0x00000460      0x150 ./FreeMaster_S32K144/src_common/freemaster_protocol.o
 .debug_frame   0x000005b0      0x170 ./FreeMaster_S32K144/src_common/freemaster_rec.o
 .debug_frame   0x00000720       0x64 ./FreeMaster_S32K144/src_common/freemaster_scope.o
 .debug_frame   0x00000784       0xcc ./FreeMaster_S32K144/src_common/freemaster_serial.o
 .debug_frame   0x00000850      0x150 ./FreeMaster_S32K144/src_platforms/S32xx/freemaster_S32xx.o
 .debug_frame   0x000009a0       0x40 ./SDK/platform/devices/S32K144/startup/system_S32K144.o
 .debug_frame   0x000009e0       0x2c ./SDK/platform/devices/startup.o
 .debug_frame   0x00000a0c      0x3a4 ./SDK/platform/drivers/src/clock/S32K1xx/clock_S32K1xx.o
 .debug_frame   0x00000db0      0x3a0 ./SDK/platform/drivers/src/edma/edma_driver.o
 .debug_frame   0x00001150      0x140 ./SDK/platform/drivers/src/edma/edma_hw_access.o
 .debug_frame   0x00001290      0x1ac ./SDK/platform/drivers/src/edma/edma_irq.o
 .debug_frame   0x0000143c       0xd8 ./SDK/platform/drivers/src/interrupt/interrupt_manager.o
 .debug_frame   0x00001514      0x3ac ./SDK/platform/drivers/src/lpuart/lpuart_driver.o
 .debug_frame   0x000018c0      0x100 ./SDK/platform/drivers/src/lpuart/lpuart_hw_access.o
 .debug_frame   0x000019c0       0x58 ./SDK/platform/drivers/src/lpuart/lpuart_irq.o
 .debug_frame   0x00001a18      0x1e4 ./SDK/platform/drivers/src/pins/pins_driver.o
 .debug_frame   0x00001bfc       0xa0 ./SDK/platform/drivers/src/pins/pins_port_hw_access.o
 .debug_frame   0x00001c9c       0xf4 ./SDK/rtos/osif/osif_baremetal.o
 .debug_frame   0x00001d90       0x44 ./src/main.o
